Welcome to Point-Free!
-----------------------------------------
A Swift video series exploring functional
programming and more.